[    0.000000] Linux version 4.15.0-212-generic (buildd@lcy02-amd64-083) (gcc version 7.5.0 (Ubuntu 7.5.0-3ubuntu1~18.04)) #223-Ubuntu SMP Tue May 23 13:09:22 UTC 2023 (Ubuntu 4.15.0-212.223-generic 4.15.18)
[    0.000000] Command line: BOOT_IMAGE=/boot/vmlinuz-4.15.0-212-generic root=LABEL=cloudimg-rootfs ro console=tty1 console=ttyS0
[    0.000000] KERNEL supported cpus:
[    0.000000]   Intel GenuineIntel
[    0.000000]   AMD AuthenticAMD
[    0.000000]   Centaur CentaurHauls
[    0.000000] x86/fpu: Supporting XSAVE feature 0x001: 'x87 floating point registers'
[    0.000000] x86/fpu: Supporting XSAVE feature 0x002: 'SSE registers'
[    0.000000] x86/fpu: Supporting XSAVE feature 0x004: 'AVX registers'
[    0.000000] x86/fpu: xstate_offset[2]:  576, xstate_sizes[2]:  256
[    0.000000] x86/fpu: Enabled xstate features 0x7, context size is 832 bytes, using 'standard' format.
[    0.000000] e820: BIOS-provided physical RAM map:
[    0.000000] BIOS-e820: [mem 0x0000000000000000-0x000000000009fbff] usable
[    0.000000] BIOS-e820: [mem 0x000000000009fc00-0x000000000009ffff] reserved
[    0.000000] BIOS-e820: [mem 0x00000000000f0000-0x00000000000fffff] reserved
[    0.000000] BIOS-e820: [mem 0x0000000000100000-0x000000003ffeffff] usable
[    0.000000] BIOS-e820: [mem 0x000000003fff0000-0x000000003fffffff] ACPI data
[    0.000000] BIOS-e820: [mem 0x00000000fec00000-0x00000000fec00fff] reserved
[    0.000000] BIOS-e820: [mem 0x00000000fee00000-0x00000000fee00fff] reserved
[    0.000000] BIOS-e820: [mem 0x00000000fffc0000-0x00000000ffffffff] reserved
[    0.000000] NX (Execute Disable) protection: active
[    0.000000] SMBIOS 2.5 present.
[    0.000000] DMI: innotek GmbH VirtualBox/VirtualBox, BIOS VirtualBox 12/01/2006
[    0.000000] Hypervisor detected: KVM
[    0.000000] e820: last_pfn = 0x3fff0 max_arch_pfn = 0x400000000
[    0.000000] MTRR: Disabled
[    0.000000] x86/PAT: MTRRs disabled, skipping PAT initialization too.
[    0.000000] CPU MTRRs all blank - virtualized system.
[    0.000000] x86/PAT: Configuration [0-7]: WB  WT  UC- UC  WB  WT  UC- UC  
[    0.000000] found SMP MP-table at [mem 0x0009fff0-0x0009ffff]
[    0.000000] Scanning 1 areas for low memory corruption
[    0.000000] RAMDISK: [mem 0x359cb000-0x36cdcfff]
[    0.000000] ACPI: Early table checksum verification disabled
[    0.000000] ACPI: RSDP 0x00000000000E0000 000024 (v02 VBOX  )
[    0.000000] ACPI: XSDT 0x000000003FFF0030 00003C (v01 VBOX   VBOXXSDT 00000001 ASL  00000061)
[    0.000000] ACPI: FACP 0x000000003FFF00F0 0000F4 (v04 VBOX   VBOXFACP 00000001 ASL  00000061)
[    0.000000] ACPI: DSDT 0x000000003FFF0610 002353 (v02 VBOX   VBOXBIOS 00000002 INTL 20100528)
[    0.000000] ACPI: FACS 0x000000003FFF0200 000040
[    0.000000] ACPI: FACS 0x000000003FFF0200 000040
[    0.000000] ACPI: APIC 0x000000003FFF0240 00005C (v02 VBOX   VBOXAPIC 00000001 ASL  00000061)
[    0.000000] ACPI: SSDT 0x000000003FFF02A0 00036C (v01 VBOX   VBOXCPUT 00000002 INTL 20100528)
[    0.000000] ACPI: Reserving FACP table memory at [mem 0x3fff00f0-0x3fff01e3]
[    0.000000] ACPI: Reserving DSDT table memory at [mem 0x3fff0610-0x3fff2962]
[    0.000000] ACPI: Reserving FACS table memory at [mem 0x3fff0200-0x3fff023f]
[    0.000000] ACPI: Reserving FACS table memory at [mem 0x3fff0200-0x3fff023f]
[    0.000000] ACPI: Reserving APIC table memory at [mem 0x3fff0240-0x3fff029b]
[    0.000000] ACPI: Reserving SSDT table memory at [mem 0x3fff02a0-0x3fff060b]
[    0.000000] No NUMA configuration found
[    0.000000] Faking a node at [mem 0x0000000000000000-0x000000003ffeffff]
[    0.000000] NODE_DATA(0) allocated [mem 0x3ffc5000-0x3ffeffff]
[    0.000000] kvm-clock: cpu 0, msr 0:3ff44001, primary cpu clock
[    0.000000] kvm-clock: Using msrs 4b564d01 and 4b564d00
[    0.000000] kvm-clock: using sched offset of 4281018833 cycles
[    0.000000] clocksource: kvm-clock: mask: 0xffffffffffffffff max_cycles: 0x1cd42e4dffb, max_idle_ns: 881590591483 ns
[    0.000000] Zone ranges:
[    0.000000]   DMA      [mem 0x0000000000001000-0x0000000000ffffff]
[    0.000000]   DMA32    [mem 0x0000000001000000-0x000000003ffeffff]
[    0.000000]   Normal   empty
[    0.000000]   Device   empty
[    0.000000] Movable zone start for each node
[    0.000000] Early memory node ranges
[    0.000000]   node   0: [mem 0x0000000000001000-0x000000000009efff]
[    0.000000]   node   0: [mem 0x0000000000100000-0x000000003ffeffff]
[    0.000000] Reserved but unavailable: 104 pages
[    0.000000] Initmem setup node 0 [mem 0x0000000000001000-0x000000003ffeffff]
[    0.000000] ACPI: PM-Timer IO Port: 0x4008
[    0.000000] IOAPIC[0]: apic_id 2, version 32, address 0xfec00000, GSI 0-23
[    0.000000] ACPI: INT_SRC_OVR (bus 0 bus_irq 0 global_irq 2 dfl dfl)
[    0.000000] ACPI: INT_SRC_OVR (bus 0 bus_irq 9 global_irq 9 low level)
[    0.000000] Using ACPI (MADT) for SMP configuration information
[    0.000000] smpboot: Allowing 2 CPUs, 0 hotplug CPUs
[    0.000000] PM: Registered nosave memory: [mem 0x00000000-0x00000fff]
[    0.000000] PM: Registered nosave memory: [mem 0x0009f000-0x0009ffff]
[    0.000000] PM: Registered nosave memory: [mem 0x000a0000-0x000effff]
[    0.000000] PM: Registered nosave memory: [mem 0x000f0000-0x000fffff]
[    0.000000] e820: [mem 0x40000000-0xfebfffff] available for PCI devices
[    0.000000] Booting paravirtualized kernel on KVM
[    0.000000] clocksource: refined-jiffies: mask: 0xffffffff max_cycles: 0xffffffff, max_idle_ns: 7645519600211568 ns
[    0.000000] setup_percpu: NR_CPUS:8192 nr_cpumask_bits:2 nr_cpu_ids:2 nr_node_ids:1
[    0.000000] percpu: Embedded 50 pages/cpu s167936 r8192 d28672 u1048576
[    0.000000] PV qspinlock hash table entries: 256 (order: 0, 4096 bytes)
[    0.000000] Built 1 zonelists, mobility grouping on.  Total pages: 257913
[    0.000000] Policy zone: DMA32
[    0.000000] Kernel command line: BOOT_IMAGE=/boot/vmlinuz-4.15.0-212-generic root=LABEL=cloudimg-rootfs ro console=tty1 console=ttyS0
[    0.000000] Memory: 982644K/1048120K available (12300K kernel code, 2477K rwdata, 4324K rodata, 2480K init, 2720K bss, 65476K reserved, 0K cma-reserved)
[    0.000000] SLUB: HWalign=64, Order=0-3, MinObjects=0, CPUs=2, Nodes=1
[    0.000000] Kernel/User page tables isolation: enabled
[    0.000000] ftrace: allocating 39508 entries in 155 pages
[    0.004000] Hierarchical RCU implementation.
[    0.004000] 	RCU restricting CPUs from NR_CPUS=8192 to nr_cpu_ids=2.
[    0.004000] 	Tasks RCU enabled.
[    0.004000] RCU: Adjusting geometry for rcu_fanout_leaf=16, nr_cpu_ids=2
[    0.004000] NR_IRQS: 524544, nr_irqs: 440, preallocated irqs: 16
[    0.004000] random: crng init done
[    0.004000] Console: colour VGA+ 80x25
[    0.004000] console [tty1] enabled
[    0.004000] console [ttyS0] enabled
[    0.004000] ACPI: Core revision 20170831
[    0.004000] ACPI: 2 ACPI AML tables successfully acquired and loaded
[    0.004000] APIC: Switch to symmetric I/O mode setup
[    0.004000] x2apic enabled
[    0.004000] Switched APIC routing to physical x2apic.
[    0.006426] ..TIMER: vector=0x30 apic1=0 pin1=2 apic2=-1 pin2=-1
[    0.008007] tsc: Detected 1800.002 MHz processor
[    0.009870] Calibrating delay loop (skipped) preset value.. 3600.00 BogoMIPS (lpj=7200008)
[    0.012006] pid_max: default: 32768 minimum: 301
[    0.013571] Security Framework initialized
[    0.016006] Yama: becoming mindful.
[    0.020040] AppArmor: AppArmor initialized
[    0.024317] Dentry cache hash table entries: 131072 (order: 8, 1048576 bytes)
[    0.026137] Inode-cache hash table entries: 65536 (order: 7, 524288 bytes)
[    0.028020] Mount-cache hash table entries: 2048 (order: 2, 16384 bytes)
[    0.029731] Mountpoint-cache hash table entries: 2048 (order: 2, 16384 bytes)
[    0.031842] Last level iTLB entries: 4KB 64, 2MB 8, 4MB 8
[    0.032004] Last level dTLB entries: 4KB 64, 2MB 0, 4MB 0, 1GB 4
[    0.033428] Spectre V1 : Mitigation: usercopy/swapgs barriers and __user pointer sanitization
[    0.036005] Spectre V2 : Mitigation: Retpolines
[    0.037139] Spectre V2 : Spectre v2 / SpectreRSB mitigation: Filling RSB on context switch
[    0.040005] Spectre V2 : Spectre v2 / SpectreRSB : Filling RSB on VMEXIT
[    0.041622] RETBleed: WARNING: Spectre v2 mitigation leaves CPU vulnerable to RETBleed attacks, data leaks possible!
[    0.044000] RETBleed: Vulnerable
[    0.044005] Speculative Store Bypass: Vulnerable
[    0.045377] MDS: Mitigation: Clear CPU buffers
[    0.048004] MMIO Stale Data: Mitigation: Clear CPU buffers
[    0.049241] SRBDS: Unknown: Dependent on hypervisor status
[    0.050900] Freeing SMP alternatives memory: 36K
[    0.162432] smpboot: CPU0: Intel(R) Core(TM) i5-8250U CPU @ 1.60GHz (family: 0x6, model: 0x8e, stepping: 0xa)
[    0.164000] Performance Events: unsupported p6 CPU model 142 no PMU driver, software events only.
[    0.164061] Hierarchical SRCU implementation.
[    0.165679] NMI watchdog: Perf event create on CPU 0 failed with -2
[    0.167160] NMI watchdog: Perf NMI watchdog permanently disabled
[    0.168070] smp: Bringing up secondary CPUs ...
[    0.169271] x86: Booting SMP configuration:
[    0.170263] .... node  #0, CPUs:      #1
[    0.004000] kvm-clock: cpu 1, msr 0:3ff44041, secondary cpu clock
[    0.176023] smp: Brought up 1 node, 2 CPUs
[    0.177138] smpboot: Max logical packages: 1
[    0.178567] smpboot: Total of 2 processors activated (7200.00 BogoMIPS)
[    0.180167] devtmpfs: initialized
[    0.180991] x86/mm: Memory block size: 128MB
[    0.184183] evm: security.selinux
[    0.185277] evm: security.SMACK64
[    0.186231] evm: security.SMACK64EXEC
[    0.187149] evm: security.SMACK64TRANSMUTE
[    0.188000] evm: security.SMACK64MMAP
[    0.188007] evm: security.apparmor
[    0.188813] evm: security.ima
[    0.189550] evm: security.capability
[    0.190489] clocksource: jiffies: mask: 0xffffffff max_cycles: 0xffffffff, max_idle_ns: 7645041785100000 ns
[    0.192011] futex hash table entries: 512 (order: 3, 32768 bytes)
[    0.193402] pinctrl core: initialized pinctrl subsystem
[    0.200080] RTC time:  7:40:51, date: 07/01/24
[    0.201382] NET: Registered protocol family 16
[    0.202458] audit: initializing netlink subsys (disabled)
[    0.203814] audit: type=2000 audit(1719819656.952:1): state=initialized audit_enabled=0 res=1
[    0.204120] cpuidle: using governor ladder
[    0.205009] cpuidle: using governor menu
[    0.206001] ACPI: bus type PCI registered
[    0.208007] acpiphp: ACPI Hot Plug PCI Controller Driver version: 0.5
[    0.209537] PCI: Using configuration type 1 for base access
[    0.212347] HugeTLB registered 2.00 MiB page size, pre-allocated 0 pages
[    0.213512] ACPI: Added _OSI(Module Device)
[    0.213512] ACPI: Added _OSI(Processor Device)
[    0.216004] ACPI: Added _OSI(3.0 _SCP Extensions)
[    0.217037] ACPI: Added _OSI(Processor Aggregator Device)
[    0.218199] ACPI: Added _OSI(Linux-Dell-Video)
[    0.219181] ACPI: Added _OSI(Linux-Lenovo-NV-HDMI-Audio)
[    0.220003] ACPI: Added _OSI(Linux-HPI-Hybrid-Graphics)
[    0.221495] ACPI: Executed 1 blocks of module-level executable AML code
[    0.228527] ACPI: Interpreter enabled
[    0.229570] ACPI: (supports S0 S5)
[    0.230449] ACPI: Using IOAPIC for interrupt routing
[    0.232000] PCI: Using host bridge windows from ACPI; if necessary, use "pci=nocrs" and report a bug
[    0.232215] ACPI: Enabled 2 GPEs in block 00 to 07
[    0.244214] ACPI: PCI Root Bridge [PCI0] (domain 0000 [bus 00-ff])
[    0.245788] acpi PNP0A03:00: _OSC: OS supports [ASPM ClockPM Segments MSI]
[    0.248000] acpi PNP0A03:00: _OSC: not requesting OS control; OS requires [ExtendedConfig ASPM ClockPM MSI]
[    0.248017] acpi PNP0A03:00: fail to add MMCONFIG information, can't access extended PCI configuration space under this bridge.
[    0.252562] PCI host bridge to bus 0000:00
[    0.254726] pci_bus 0000:00: root bus resource [io  0x0000-0x0cf7 window]
[    0.256005] pci_bus 0000:00: root bus resource [io  0x0d00-0xffff window]
[    0.257841] pci_bus 0000:00: root bus resource [mem 0x000a0000-0x000bffff window]
[    0.260006] pci_bus 0000:00: root bus resource [mem 0x40000000-0xfdffffff window]
[    0.261843] pci_bus 0000:00: root bus resource [bus 00-ff]
[    0.266398] pci 0000:00:01.1: legacy IDE quirk: reg 0x10: [io  0x01f0-0x01f7]
[    0.268004] pci 0000:00:01.1: legacy IDE quirk: reg 0x14: [io  0x03f6]
[    0.269500] pci 0000:00:01.1: legacy IDE quirk: reg 0x18: [io  0x0170-0x0177]
[    0.271068] pci 0000:00:01.1: legacy IDE quirk: reg 0x1c: [io  0x0376]
[    0.290741] pci 0000:00:07.0: quirk: [io  0x4000-0x403f] claimed by PIIX4 ACPI
[    0.292021] pci 0000:00:07.0: quirk: [io  0x4100-0x410f] claimed by PIIX4 SMB
[    0.301488] ACPI: PCI Interrupt Link [LNKA] (IRQs 5 9 10 *11)
[    0.304105] ACPI: PCI Interrupt Link [LNKB] (IRQs 5 9 *10 11)
[    0.305766] ACPI: PCI Interrupt Link [LNKC] (IRQs 5 *9 10 11)
[    0.307378] ACPI: PCI Interrupt Link [LNKD] (IRQs 5 9 10 *11)
[    0.308476] SCSI subsystem initialized
[    0.309468] pci 0000:00:02.0: vgaarb: setting as boot VGA device
[    0.309468] pci 0000:00:02.0: vgaarb: VGA device added: decodes=io+mem,owns=io+mem,locks=none
[    0.312011] pci 0000:00:02.0: vgaarb: bridge control possible
[    0.313421] vgaarb: loaded
[    0.316043] ACPI: bus type USB registered
[    0.317091] usbcore: registered new interface driver usbfs
[    0.318540] usbcore: registered new interface driver hub
[    0.320011] usbcore: registered new device driver usb
[    0.321388] EDAC MC: Ver: 3.0.0
[    0.321388] PCI: Using ACPI for IRQ routing
[    0.324329] NetLabel: Initializing
[    0.325317] NetLabel:  domain hash size = 128
[    0.326445] NetLabel:  protocols = UNLABELED CIPSOv4 CALIPSO
[    0.327797] NetLabel:  unlabeled traffic allowed by default
[    0.328068] clocksource: Switched to clocksource kvm-clock
[    0.349544] VFS: Disk quotas dquot_6.6.0
[    0.350661] VFS: Dquot-cache hash table entries: 512 (order 0, 4096 bytes)
[    0.352416] AppArmor: AppArmor Filesystem Enabled
[    0.353601] pnp: PnP ACPI init
[    0.355805] pnp: PnP ACPI: found 3 devices
[    0.367247] clocksource: acpi_pm: mask: 0xffffff max_cycles: 0xffffff, max_idle_ns: 2085701024 ns
[    0.369567] NET: Registered protocol family 2
[    0.370695] IP idents hash table entries: 16384 (order: 5, 131072 bytes)
[    0.375442] TCP established hash table entries: 8192 (order: 4, 65536 bytes)
[    0.377312] TCP bind hash table entries: 8192 (order: 5, 131072 bytes)
[    0.378885] TCP: Hash tables configured (established 8192 bind 8192)
[    0.380599] UDP hash table entries: 512 (order: 2, 16384 bytes)
[    0.382037] UDP-Lite hash table entries: 512 (order: 2, 16384 bytes)
[    0.383589] NET: Registered protocol family 1
[    0.384725] pci 0000:00:00.0: Limiting direct PCI/PCI transfers
[    0.386294] pci 0000:00:01.0: Activating ISA DMA hang workarounds
[    0.387872] pci 0000:00:02.0: Video device with shadowed ROM at [mem 0x000c0000-0x000dffff]
[    0.390097] Unpacking initramfs...
[    0.772417] Freeing initrd memory: 19528K
[    0.773516] clocksource: tsc: mask: 0xffffffffffffffff max_cycles: 0x19f22b76be8, max_idle_ns: 440795216487 ns
[    0.775604] platform rtc_cmos: registered platform RTC device (no PNP device found)
[    0.777376] Scanning for low memory corruption every 60 seconds
[    0.779236] Initialise system trusted keyrings
[    0.780387] Key type blacklist registered
[    0.781464] workingset: timestamp_bits=36 max_order=18 bucket_order=0
[    0.783992] zbud: loaded
[    0.785154] squashfs: version 4.0 (2009/01/31) Phillip Lougher
[    0.799410] fuse init (API version 7.26)
[    0.804336] Key type asymmetric registered
[    0.805320] Asymmetric key parser 'x509' registered
[    0.806633] Block layer SCSI generic (bsg) driver version 0.4 loaded (major 246)
[    0.808562] io scheduler noop registered
[    0.809565] io scheduler deadline registered
[    0.810654] io scheduler cfq registered (default)
[    0.812205] ACPI: AC Adapter [AC] (on-line)
[    0.813280] input: Power Button as /devices/LNXSYSTM:00/LNXPWRBN:00/input/input0
[    0.815172] ACPI: Power Button [PWRF]
[    0.816236] input: Sleep Button as /devices/LNXSYSTM:00/LNXSLPBN:00/input/input1
[    0.818012] ACPI: Sleep Button [SLPF]
[    0.820241] ACPI: Battery Slot [BAT0] (battery present)
[    0.820260] Serial: 8250/16550 driver, 32 ports, IRQ sharing enabled
[    0.844918] 00:02: ttyS0 at I/O 0x3f8 (irq = 4, base_baud = 115200) is a 16550A
[    0.848218] Linux agpgart interface v0.103
[    0.853859] loop: module loaded
[    0.855478] scsi host0: ata_piix
[    0.856702] scsi host1: ata_piix
[    0.857597] ata1: PATA max UDMA/33 cmd 0x1f0 ctl 0x3f6 bmdma 0xd000 irq 14
[    0.859195] ata2: PATA max UDMA/33 cmd 0x170 ctl 0x376 bmdma 0xd008 irq 15
[    0.861007] tun: Universal TUN/TAP device driver, 1.6
[    0.862334] PPP generic driver version 2.4.2
[    0.863481] ehci_hcd: USB 2.0 'Enhanced' Host Controller (EHCI) Driver
[    0.865104] ehci-pci: EHCI PCI platform driver
[    0.866175] ehci-platform: EHCI generic platform driver
[    0.867384] ohci_hcd: USB 1.1 'Open' Host Controller (OHCI) Driver
[    0.868996] ohci-pci: OHCI PCI platform driver
[    0.870082] ohci-platform: OHCI generic platform driver
[    0.871311] uhci_hcd: USB Universal Host Controller Interface driver
[    0.872878] i8042: PNP: PS/2 Controller [PNP0303:PS2K,PNP0f03:PS2M] at 0x60,0x64 irq 1,12
[    0.875418] serio: i8042 KBD port at 0x60,0x64 irq 1
[    0.876761] serio: i8042 AUX port at 0x60,0x64 irq 12
[    0.878194] mousedev: PS/2 mouse device common for all mice
[    0.879934] input: AT Translated Set 2 keyboard as /devices/platform/i8042/serio0/input/input2
[    0.882690] rtc_cmos rtc_cmos: rtc core: registered rtc_cmos as rtc0
[    0.884875] rtc_cmos rtc_cmos: alarms up to one day, 114 bytes nvram
[    0.887404] i2c /dev entries driver
[    0.888627] device-mapper: uevent: version 1.0.3
[    0.890244] device-mapper: ioctl: 4.37.0-ioctl (2017-09-20) initialised: dm-devel@redhat.com
[    0.892400] ledtrig-cpu: registered to indicate activity on CPUs
[    0.894978] NET: Registered protocol family 10
[    0.900725] Segment Routing with IPv6
[    0.901607] NET: Registered protocol family 17
[    0.902818] Key type dns_resolver registered
[    0.904228] mce: Using 0 MCE banks
[    0.905172] RAS: Correctable Errors collector initialized.
[    0.906611] sched_clock: Marking stable (904198930, 0)->(1138064891, -233865961)
[    0.908997] registered taskstats version 1
[    0.910077] Loading compiled-in X.509 certificates
[    0.914012] Loaded X.509 cert 'Build time autogenerated kernel key: b5b26778eaa3ab3a4a6cee031137706e947d12ad'
[    0.916915] Loaded X.509 cert 'Canonical Ltd. Live Patch Signing: 14df34d1a87cf37625abec039ef2bf521249b969'
[    0.919734] Loaded X.509 cert 'Canonical Ltd. Kernel Module Signing: 88f752e560a1e0737e31163a466ad7b70a850c19'
[    0.922324] blacklist: Loading compiled-in revocation X.509 certificates
[    0.923927] Loaded X.509 cert 'Canonical Ltd. Secure Boot Signing: 61482aa2830d0ab2ad5af10b7250da9033ddcef0'
[    0.926248] Loaded X.509 cert 'Canonical Ltd. Secure Boot Signing (2017): 242ade75ac4a15e50d50c84b0d45ff3eae707a03'
[    0.928660] Loaded X.509 cert 'Canonical Ltd. Secure Boot Signing (ESM 2018): 365188c1d374d6b07c3c8f240f8ef722433d6a8b'
[    0.931132] Loaded X.509 cert 'Canonical Ltd. Secure Boot Signing (2019): c0746fd6c5da3ae827864651ad66ae47fe24b3e8'
[    0.933665] Loaded X.509 cert 'Canonical Ltd. Secure Boot Signing (2021 v1): a8d54bbb3825cfb94fa13c9f8a594a195c107b8d'
[    0.936321] Loaded X.509 cert 'Canonical Ltd. Secure Boot Signing (2021 v2): 4cf046892d6fd3c9a5b03f98d845f90851dc6a8c'
[    0.938752] Loaded X.509 cert 'Canonical Ltd. Secure Boot Signing (2021 v3): 100437bb6de6e469b581e61cd66bce3ef4ed53af'
[    0.941282] Loaded X.509 cert 'Canonical Ltd. Secure Boot Signing (Ubuntu Core 2019): c1d57b8f6b743f23ee41f4f7ee292f06eecadfb9'
[    0.944033] zswap: loaded using pool lzo/zbud
[    0.949575] Key type big_key registered
[    0.950577] Key type trusted registered
[    0.953524] Key type encrypted registered
[    0.954512] AppArmor: AppArmor sha1 policy hashing enabled
[    0.955869] ima: No TPM chip found, activating TPM-bypass! (rc=-19)
[    0.957538] ima: Allocated hash algorithm: sha1
[    0.958645] evm: HMAC attrs: 0x1
[    0.959724]   Magic number: 0:952:671
[    0.960946] rtc_cmos rtc_cmos: setting system clock to 2024-07-01 07:40:52 UTC (1719819652)
[    0.963159] BIOS EDD facility v0.16 2004-Jun-25, 0 devices found
[    0.965179] EDD information not available.
[    1.198547] Freeing unused kernel image memory: 2480K
[    1.464064] Write protecting the kernel read-only data: 20480k
[    1.466301] Freeing unused kernel image memory: 2008K
[    1.467930] Freeing unused kernel image memory: 1820K
[    1.479516] x86/mm: Checked W+X mappings: passed, no W+X pages found.
[    1.481023] x86/mm: Checking user space page tables
[    1.491736] x86/mm: Checked W+X mappings: passed, no W+X pages found.
Loading, please wait...
starting version 237
[    1.579669] e1000: Intel(R) PRO/1000 Network Driver - version 7.3.21-k8-NAPI
[    1.581344] e1000: Copyright (c) 1999-2006 Intel Corporation.
[    1.606801] Fusion MPT base driver 3.04.20
[    1.608178] Copyright (c) 1999-2008 LSI Corporation
[    1.615806] AVX2 version of gcm_enc/dec engaged.
[    1.617015] AES CTR mode by8 optimization enabled
[    1.645242] Fusion MPT SPI Host driver 3.04.20
[    1.810816] input: ImExPS/2 Generic Explorer Mouse as /devices/platform/i8042/serio1/input/input4
[    2.041580] e1000 0000:00:03.0 eth0: (PCI:33MHz:32-bit) 02:3b:7b:b7:3b:2d
[    2.043191] e1000 0000:00:03.0 eth0: Intel(R) PRO/1000 Network Connection
[    2.045906] mptbase: ioc0: Initiating bringup
[    2.046277] e1000 0000:00:03.0 enp0s3: renamed from eth0
[    2.603311] ioc0: LSI53C1030 A0: Capabilities={Initiator}
[    4.903730] scsi host2: ioc0: LSI53C1030 A0, FwRev=00000000h, Ports=1, MaxQ=256, IRQ=20
[    7.476433] scsi 2:0:0:0: Direct-Access     VBOX     HARDDISK         1.0  PQ: 0 ANSI: 5
[    7.504032] scsi target2:0:0: Beginning Domain Validation
[    7.508629] scsi target2:0:0: Domain Validation skipping write tests
[    7.509945] scsi target2:0:0: Ending Domain Validation
[    7.511256] scsi target2:0:0: asynchronous
[    7.513424] scsi 2:0:1:0: Direct-Access     VBOX     HARDDISK         1.0  PQ: 0 ANSI: 5
[    7.544018] scsi target2:0:1: Beginning Domain Validation
[    7.548970] scsi target2:0:1: Domain Validation skipping write tests
[    7.550432] scsi target2:0:1: Ending Domain Validation
[    7.551858] scsi target2:0:1: asynchronous
[    7.560073] sd 2:0:0:0: Attached scsi generic sg0 type 0
[    7.560158] sd 2:0:0:0: [sda] 83886080 512-byte logical blocks: (42.9 GB/40.0 GiB)
[    7.563143] sd 2:0:0:0: [sda] Write Protect is off
[    7.564362] sd 2:0:1:0: Attached scsi generic sg1 type 0
[    7.564460] sd 2:0:0:0: [sda] Incomplete mode parameter data
[    7.581557] sd 2:0:0:0: [sda] Assuming drive cache: write through
[    7.583119] sd 2:0:1:0: [sdb] 20480 512-byte logical blocks: (10.5 MB/10.0 MiB)
[    7.585833] sd 2:0:1:0: [sdb] Write Protect is off
[    7.587578] sd 2:0:1:0: [sdb] Incomplete mode parameter data
[    7.589027] sd 2:0:1:0: [sdb] Assuming drive cache: write through
[    7.589247]  sda: sda1
[    7.592096] sd 2:0:0:0: [sda] Attached SCSI disk
[    7.603087] sd 2:0:1:0: [sdb] Attached SCSI disk
Begin: Loading essential drivers ... [    9.260087] raid6: sse2x1   gen() 10413 MB/s
[    9.308096] raid6: sse2x1   xor()  7264 MB/s
[    9.356043] raid6: sse2x2   gen()  9963 MB/s
[    9.404075] raid6: sse2x2   xor()  6296 MB/s
[    9.452054] raid6: sse2x4   gen() 14276 MB/s
[    9.500092] raid6: sse2x4   xor()  8987 MB/s
[    9.548103] raid6: avx2x1   gen() 15775 MB/s
[    9.596099] raid6: avx2x1   xor() 13525 MB/s
[    9.644096] raid6: avx2x2   gen() 18901 MB/s
[    9.692093] raid6: avx2x2   xor() 15138 MB/s
[    9.740081] raid6: avx2x4   gen() 28704 MB/s
[    9.788079] raid6: avx2x4   xor() 17395 MB/s
[    9.789136] raid6: using algorithm avx2x4 gen() 28704 MB/s
[    9.790444] raid6: .... xor() 17395 MB/s, rmw enabled
[    9.791700] raid6: using avx2x2 recovery algorithm
[    9.794302] xor: automatically using best checksumming function   avx       
[    9.797236] async_tx: api initialized (async)
done.
Begin: Running /scripts/init-premount ... done.
Begin: Mounting root file system ... Begin: Running /scripts/local-top ... done.
Begin: Running /scripts/local-premount ... [    9.860076] Btrfs loaded, crc32c=crc32c-intel
Scanning for Btrfs filesystems
done.
Warning: fsck not present, so skipping root file system
[    9.930422] EXT4-fs (sda1): mounted filesystem with ordered data mode. Opts: (null)
done.
Begin: Running /scripts/local-bottom ... done.
Begin: Running /scripts/init-bottom ... done.
[   10.257750] ip_tables: (C) 2000-2006 Netfilter Core Team
[   10.283659] systemd[1]: systemd 237 running in system mode. (+PAM +AUDIT +SELINUX +IMA +APPARMOR +SMACK +SYSVINIT +UTMP +LIBCRYPTSETUP +GCRYPT +GNUTLS +ACL +XZ +LZ4 +SECCOMP +BLKID +ELFUTILS +KMOD -IDN2 +IDN -PCRE2 default-hierarchy=hybrid)
[   10.288193] systemd[1]: Detected virtualization oracle.
[   10.289302] systemd[1]: Detected architecture x86-64.

Welcome to [1mUbuntu 18.04.6 LTS[0m!

[   10.301646] systemd[1]: Set hostname to <ubuntu>.
[   10.314026] systemd[1]: Initializing machine ID from random generator.
[   10.315589] systemd[1]: Installed transient /etc/machine-id file.
[   10.981048] systemd[1]: Created slice System Slice.
[[0;32m  OK  [0m] Created slice System Slice.
[   10.983241] systemd[1]: Listening on Syslog Socket.
[[0;32m  OK  [0m] Listening on Syslog Socket.
[   10.984880] systemd[1]: Listening on udev Control Socket.
[[0;32m  OK  [0m] Listening on udev Control Socket.
[   11.465001] systemd[1]: Listening on Journal Socket.
[[0;32m  OK  [0m] Listening on Journal Socket.
         Starting Load Kernel Modules...
[[0;32m  OK  [0m] Listening on Device-mapper event daemon FIFOs.
[[0;32m  OK  [0m] Listening on Journal Audit Socket.
[[0;32m  OK  [0m] Listening on Network Service Netlink Socket.
[[0;32m  OK  [0m] Created slice system-serial\x2dgetty.slice.
[[0;32m  OK  [0m] Listening on LVM2 poll daemon socket.
         Mounting Kernel Debug File System...
         Starting Set the console keyboard layout...
[[0;32m  OK  [0m] Listening on udev Kernel Socket.
         Mounting POSIX Message Queue File System...
[[0;32m  OK  [0m] Listening on fsck to fsckd communication Socket.
         Starting File System Check on Root Device...
         Mounting Huge Pages File System...
[[0;32m  OK  [0m] Reached target Swap.
[[0;32m  OK  [0m] Reached target Mounting snaps.
[[0;32m  OK  [0m] Reached target Mounted snaps.
[[0;32m  OK  [0m] Created slice User and Session Slice.
[[0;32m  OK  [0m] Reached target Slices.
[[0;32m  OK  [0m] Listening on /dev/initctl Compatibility Named Pipe.
[[0;32m  OK  [0m] Listening on Journal Socket (/dev/log).
         Starting Journal Service...
[[0;32m  OK  [0m] Started Forward Password Requests to Wall Directory Watch.
[[0;32m  OK  [0m] Listening on LVM2 metadata daemon socket.
[[0;32m  OK  [0m] Set up automount Arbitrary Executabâ€¦rmats File System Automount Point.
[   11.583018] Loading iSCSI transport class v2.0-870.
[   11.601823] iscsi: registered transport (tcp)
         Starting Uncomplicated firewall...
         Starting udev Coldplug all Devices...
[[0;32m  OK  [0m] Reached target User and Group Name Lookups.
         Starting Create list of required stâ€¦ce nodes for the current kernel...
[[0;32m  OK  [0m] Reached target System Time Synchronized.
[   11.722279] iscsi: registered transport (iser)
         Starting Monitoring of LVM2 mirrorsâ€¦ng dmeventd or progress polling...
[[0;32m  OK  [0m] Started Journal Service.
[[0;32m  OK  [0m] Started Load Kernel Modules.
[[0;32m  OK  [0m] Mounted Kernel Debug File System.
[[0;32m  OK  [0m] Mounted POSIX Message Queue File System.
[[0;32m  OK  [0m] Started File System Check on Root Device.
[[0;32m  OK  [0m] Mounted Huge Pages File System.
[[0;32m  OK  [0m] Started Uncomplicated firewall.
[[0;32m  OK  [0m] Started File System Check Daemon to report status.
         Starting Remount Root and Kernel File Systems...
         Starting Apply Kernel Variables...
         Mounting FUSE Control File System...
         Mounting Kernel Configuration File System...
[[0;32m  OK  [0m] Started Create list of required staâ€¦vice nodes for the current kernel.
[[0;32m  OK  [0m] Mounted FUSE Control File System.
[[0;32m  OK  [0m] Mounted Kernel Configuration File System.
         Starting Create Static Device Nodes in /dev...
[[0;32m  OK  [0m] Started udev Coldplug all Devices.
[[0;32m  OK  [0m] Started Create Static Device Nodes in /dev.
[[0;32m  OK  [0m] Started Remount Root and Kernel File Systems.
         Starting Flush Journal to Persistent Storage...
         Starting Load/Save Random Seed...
         Starting udev Kernel Device Manager...
[[0;32m  OK  [0m] Started Apply Kernel Variables.
[[0;32m  OK  [0m] Started LVM2 metadata daemon.
[[0;32m  OK  [0m] Started Load/Save Random Seed.
[[0;32m  OK  [0m] Started udev Kernel Device Manager.
[[0;32m  OK  [0m] Started Monitoring of LVM2 mirrors,â€¦sing dmeventd or progress polling.
[[0;32m  OK  [0m] Started Flush Journal to Persistent Storage.
[[0;32m  OK  [0m] Found device /dev/ttyS0.
[[0;32m  OK  [0m] Listening on Load/Save RF Kill Switch Status /dev/rfkill Watch.
         Mounting Arbitrary Executable File Formats File System...
[[0;32m  OK  [0m] Mounted Arbitrary Executable File Formats File System.
[[0;32m  OK  [0m] Started Set the console keyboard layout.
[[0;32m  OK  [0m] Reached target Local File Systems (Pre).
[[0;32m  OK  [0m] Reached target Local File Systems.
         Starting ebtables ruleset management...
         Starting Tell Plymouth To Write Out Runtime Data...
         Starting Set console font and keymap...
         Starting AppArmor initialization...
         Starting Commit a transient machine-id on disk...
         Starting Create Volatile Files and Directories...
[[0;32m  OK  [0m] Started Dispatch Password Requests to Console Directory Watch.
[[0;32m  OK  [0m] Reached target Local Encrypted Volumes.
[[0;32m  OK  [0m] Started Tell Plymouth To Write Out Runtime Data.
[[0;32m  OK  [0m] Started Create Volatile Files and Directories.
         Starting Update UTMP about System Boot/Shutdown...
[[0;32m  OK  [0m] Started Update UTMP about System Boot/Shutdown.
[[0;32m  OK  [0m] Started Commit a transient machine-id on disk.
[[0;32m  OK  [0m] Started ebtables ruleset management.
[[0;32m  OK  [0m] Started Set console font and keymap.
[[0;32m  OK  [0m] Started AppArmor initialization.
         Starting Load AppArmor profiles managed internally by snapd...
         Starting Initial cloud-init job (pre-networking)...
[[0;32m  OK  [0m] Started Load AppArmor profiles managed internally by snapd.
[   19.268725] cloud-init[911]: Cloud-init v. 23.1.2-0ubuntu0~18.04.1 running 'init-local' at Mon, 01 Jul 2024 07:41:10 +0000. Up 18.59 seconds.
[[0;32m  OK  [0m] Started Initial cloud-init job (pre-networking).
[[0;32m  OK  [0m] Reached target Network (Pre).
         Starting Network Service...
[[0;32m  OK  [0m] Started Network Service.
         Starting Network Name Resolution...
         Starting Wait for Network to be Configured...
[[0;32m  OK  [0m] Started Network Name Resolution.
[[0;32m  OK  [0m] Reached target Network.
[[0;32m  OK  [0m] Reached target Host and Network Name Lookups.
[[0;32m  OK  [0m] Started Wait for Network to be Configured.
         Starting Initial cloud-init job (metadata service crawler)...
[   21.755850] cloud-init[1046]: Cloud-init v. 23.1.2-0ubuntu0~18.04.1 running 'init' at Mon, 01 Jul 2024 07:41:13 +0000. Up 21.49 seconds.
[   21.757680] cloud-init[1046]: ci-info: ++++++++++++++++++++++++++++++++++++++Net device info++++++++++++++++++++++++++++++++++++++
[   21.768271] cloud-init[1046]: ci-info: +--------+------+----------------------------+---------------+--------+-------------------+
[   21.781059] cloud-init[1046]: ci-info: | Device |  Up  |          Address           |      Mask     | Scope  |     Hw-Address    |
[   21.782011] cloud-init[1046]: ci-info: +--------+------+----------------------------+---------------+--------+-------------------+
[   21.782990] cloud-init[1046]: ci-info: | enp0s3 | True |         10.0.2.15          | 255.255.255.0 | global | 02:3b:7b:b7:3b:2d |
[   21.792856] cloud-init[1046]: ci-info: | enp0s3 | True | fe80::3b:7bff:feb7:3b2d/64 |       .       |  link  | 02:3b:7b:b7:3b:2d |
[   21.793844] cloud-init[1046]: ci-info: |   lo   | True |         127.0.0.1          |   255.0.0.0   |  host  |         .         |
[   21.794920] cloud-init[1046]: ci-info: |   lo   | True |          ::1/128           |       .       |  host  |         .         |
[   21.804540] cloud-init[1046]: ci-info: +--------+------+----------------------------+---------------+--------+-------------------+
[   21.809591] cloud-init[1046]: ci-info: ++++++++++++++++++++++++++++Route IPv4 info+++++++++++++++++++++++++++++
[   21.820177] cloud-init[1046]: ci-info: +-------+-------------+----------+-----------------+-----------+-------+
[   21.821269] cloud-init[1046]: ci-info: | Route | Destination | Gateway  |     Genmask     | Interface | Flags |
[   21.822313] cloud-init[1046]: ci-info: +-------+-------------+----------+-----------------+-----------+-------+
[   21.833877] cloud-init[1046]: ci-info: |   0   |   0.0.0.0   | 10.0.2.2 |     0.0.0.0     |   enp0s3  |   UG  |
[   21.834964] cloud-init[1046]: ci-info: |   1   |   10.0.2.0  | 0.0.0.0  |  255.255.255.0  |   enp0s3  |   U   |
[   21.844672] cloud-init[1046]: ci-info: |   2   |   10.0.2.2  | 0.0.0.0  | 255.255.255.255 |   enp0s3  |   UH  |
[   21.856232] cloud-init[1046]: ci-info: +-------+-------------+----------+-----------------+-----------+-------+
[   21.857258] cloud-init[1046]: ci-info: +++++++++++++++++++Route IPv6 info+++++++++++++++++++
[   21.858171] cloud-init[1046]: ci-info: +-------+-------------+---------+-----------+-------+
[   21.859241] cloud-init[1046]: ci-info: | Route | Destination | Gateway | Interface | Flags |
[   21.872830] cloud-init[1046]: ci-info: +-------+-------------+---------+-----------+-------+
[   21.873916] cloud-init[1046]: ci-info: |   1   |  fe80::/64  |    ::   |   enp0s3  |   U   |
[   21.874863] cloud-init[1046]: ci-info: |   3   |    local    |    ::   |   enp0s3  |   U   |
[   21.884566] cloud-init[1046]: ci-info: |   4   |   ff00::/8  |    ::   |   enp0s3  |   U   |
[   21.896255] cloud-init[1046]: ci-info: +-------+-------------+---------+-----------+-------+
[   23.155879] cloud-init[1046]: Generating public/private rsa key pair.
[   23.168949] cloud-init[1046]: Your identification has been saved in /etc/ssh/ssh_host_rsa_key.
[   23.181004] cloud-init[1046]: Your public key has been saved in /etc/ssh/ssh_host_rsa_key.pub.
[   23.182527] cloud-init[1046]: The key fingerprint is:
[   23.183489] cloud-init[1046]: SHA256:ovc0DtBOVSGqAZqKmMwBTWYT2QpfptDTj1iZQq8ZkXY root@ubuntu-bionic
[   23.184950] cloud-init[1046]: The key's randomart image is:
[   23.185838] cloud-init[1046]: +---[RSA 2048]----+
[   23.196283] cloud-init[1046]: |.=X* o  . o.     |
[   23.208991] cloud-init[1046]: |+=O=E  . o       |
[[0;32m  OK  [0m] Started Initial cloud-init job (metadata service crawler).
[   23.221540] [[0;32m  OK  [0m] Reached target System Initialization.
[[0;32m  OK  [0m] Started Ubuntu Advantage Timer for running repeated jobs.
[[0;32m  OK  [0m] Started Daily apt download activities.
[[0;32m  OK  [0m] Started Daily apt upgrade and clean activities.
[[0;32m  OK  [0m] Started Discard unused blocks once a week.
[[0;32m  OK  [0m] Listening on ACPID Listen Socket.
[[0;32m  OK  [0m] Listening on Open-iSCSI iscsid Socket.
[[0;32m  OK  [0m] Listening on D-Bus System Message Bus Socket.
[[0;32m  OK  [0m] Started Message of the Day.
[[0;32m  OK  [0m] Started Daily Cleanup of Temporary Directories.
[[0;32m  OK  [0m] Listening on UUID daemon activation socket.
[[0;32m  OK  [0m] Reached target Timers.
[[0;32m  OK  [0m] Listening on cloud-init hotplug hook socket.
cloud-init[1046]: |o*.@oo. .        |
[   23.231019] cloud-init[1046]: |*.*+.+..         |
[   23.231903] cloud-init[1046]: |=oo o + S        |
[   23.232811] cloud-init[1046]: |     = .         |
[   23.233680] cloud-init[1046]: |    . + o        |
[   23.234569] cloud-init[1046]: [[0;32m  OK  [0m] Started ACPI Events Check.
[[0;32m  OK  [0m] Reached target Paths.
|     . = .       |
         Starting Socket activation for snappy daemon.
[   23.237375] cloud-init[1046]: |        o        |
[   23.238102] cloud-init[1046]: +----[SHA256]-----+
[   23.238804] cloud-init[1046]: Generating public/private dsa key pair.
[   23.239779] cloud-init[1046]: Your identification has been saved in /etc/ssh/ssh_host_dsa_key.
[   23.240911] cloud-init[1046]: Your public key has been saved in /etc/ssh/ssh_host_dsa_key.pub.
[   23.242292] cloud-init[1046]: The key fingerprint is:
[   23.244519] cloud-init[1046]: SHA256:xPVp2aW2ih5wTAKPOzRWi/wpsWSXv+xYVF1wVEied4E root@ubuntu-bionic
[   23.245839] cloud-init[1046]: The key's randomart image is:
         Starting LXD - unix socket.
[[0;32m  OK  [0m] Reached target Cloud-config availability.
[[0;32m  OK  [0m] Reached target Network is Online.
[   23.254529] cloud-init[1046]: +---[DSA 1024]----+
[   23.269225] cloud-init[1046]: |      . . .  .+=B|
[   23.269812] cloud-init[1046]: |     . B + . E.*.|
         Starting Availability of block devices...
[[0;32m  OK  [0m] Reached target Remote File Systems (Pre).
[[0;32m  OK  [0m] Reached target Remote File Systems.
[[0;32m  OK  [0m] Listening on Socket activation for snappy daemon.
[[0;32m  OK  [0m] Listening on LXD - unix socket.
[[0;32m  OK  [0m] Started Availability of block devices.
[[0;32m  OK  [0m] Reached target Sockets.
[[0;32m  OK  [0m] Reached target Basic System.
[   23.290283] cloud-init[1046]: |      @ O . * B o|
[   23.691450] cloud-init[1046]: |     = O * o . o.|
[[0;32m  OK  [0m] Reached target Login Prompts (Pre).
[   23.711001] cloud-init[1046]: |      = S =   .  |
[   23.712928] cloud-init[1046]: |       o = o .   |
         Starting LSB: automatic crash report generation...
         Starting System Logging Service...
         Starting Login Service...
[[0;32m  OK  [0m] Started FUSE filesystem for LXC.
[   23.730329] cloud-init[1046]: |          * .    |
[   23.762442] cloud-init[1046]: |         = .     |
[   23.772207] cloud-init[1046]: |        . o      |
[   23.784646] cloud-init[1046]: +----[SHA256]-----+
[   23.796564] cloud-init[1046]: Generating public/private ecdsa key pair.
         Starting Dispatcher daemon for systemd-networkd...
[   23.813976] cloud-init[1046]: Your identification has been saved in /etc/ssh/ssh_host_ecdsa_key.
[[0;32m  OK  [0m] Started D-Bus System Message Bus.
[   23.829234] cloud-init[1046]: Your public key has been saved in /etc/ssh/ssh_host_ecdsa_key.pub.
[   23.840251] cloud-init[1046]: The key fingerprint is:
[   23.840782] cloud-init[1046]: SHA256:hGAfY/iM367yNaPxs01VPCbm0+aTjKqpIHSIK3scuSc root@ubuntu-bionic
[   23.852165] cloud-init[1046]: The key's randomart image is:
[   23.852808] cloud-init[1046]: +---[ECDSA 256]---+
[   23.853255] cloud-init[1046]: |    o.+          |
[   23.853711] cloud-init[1046]: |   ..+ +     .   |
[   23.854160] cloud-init[1046]: |     +o .   o =  |
[   23.854529] cloud-init[1046]: | . .. o.   o = . |
[   23.855210] cloud-init[1046]: |. o... .S   + o  |
[   23.855893] cloud-init[1046]: | oo.  . .  . * . |
[   23.856559] cloud-init[1046]: |o..o. ..+ . . =  |
[   23.857228] cloud-init[1046]: |..E.o. =o* .   . |
[   23.857890] cloud-init[1046]: |.. o o=o=+o      |
[   23.868694] cloud-init[1046]: +----[SHA256]-----+
[   23.884350] cloud-init[1046]: Generating public/private ed25519 key pair.
[   23.897183] cloud-init[1046]: Your identification has been saved in /etc/ssh/ssh_host_ed25519_key.
[   23.898186] cloud-init[1046]: Your public key has been saved in /etc/ssh/ssh_host_ed25519_key.pub.
[   23.899142] cloud-init[1046]: The key fingerprint is:
[   23.912204] cloud-init[1046]: SHA256:+c3qX9a4aaYkK1YPF5LkT7mFrGce7MzYk8NylNCFOVc root@ubuntu-bionic
[   23.928237] cloud-init[1046]: The key's randomart image is:
[   23.940707] cloud-init[1046]: +--[ED25519 256]--+
[   23.956220] cloud-init[1046]: |             o .E|
[   23.969378] cloud-init[1046]: |          . + o  |
[   23.981188] [[0;32m  OK  [0m] Started irqbalance daemon.
         Starting Virtualbox guest utils...
cloud-init[1046]: |         o + *   |
[   23.996240]          cloud-initStarting Snap Daemon...[1046]: 
|         .= B .  |
         Starting Accounts Service...
[   24.014666] cloud-init[1046]: |        S  B =   |
[[0;32m  OK  [0m] Started Deferred execution scheduler.
[   24.037328] cloud-init[1046]: |         .+o@  o |
[   24.049409] cloud-init[1046]: |         .o/+o+ .|
[   24.050458] cloud-init[1046]: |        o o=&ooo |
[   24.052352] cloud-init[1046]: |       . o++o*o  |
[   24.053457] cloud-init[1046]: +----[SHA256]-----+
[[0;32m  OK  [0m] Started Regular background program processing daemon.
         Starting LSB: Record successful boot for GRUB...
         Starting Pollinate to seed the pseudo random number generator...
         Starting LXD - container startup/shutdown...
         Starting Permit User Sessions...
[[0;32m  OK  [0m] Started System Logging Service.
[[0;32m  OK  [0m] Started Login Service.
[[0;32m  OK  [0m] Started Permit User Sessions.
         Starting Hold until boot process finishes up...
         Starting Terminate Plymouth Boot Screen...
         Starting Authorization Manager...
[[0;32m  OK  [0m] Started Unattended Upgrades Shutdown.
[[0;32m  OK  [0m] Started Hold until boot process finishes up.
[[0;32m  OK  [0m] Started Serial Getty on ttyS0.
         Starting Set console scheme...
[[0;32m  OK  [0m] Started LSB: automatic crash report generation.
[[0;32m  OK  [0m] Started Terminate Plymouth Boot Screen.
[[0;32m  OK  [0m] Started Set console scheme.
[[0;32m  OK  [0m] Created slice system-getty.slice.
[[0;32m  OK  [0m] Started Getty on tty1.
[[0;32m  OK  [0m] Reached target Login Prompts.
[[0;32m  OK  [0m] Started LSB: Record successful boot for GRUB.
[[0;32m  OK  [0m] Started Authorization Manager.
[[0;32m  OK  [0m] Started Accounts Service.
[[0;32m  OK  [0m] Started Virtualbox guest utils.
[[0;32m  OK  [0m] Started Dispatcher daemon for systemd-networkd.
[[0;32m  OK  [0m] Started LXD - container startup/shutdown.
[[0;32m  OK  [0m] Started Snap Daemon.
         Starting Wait until snapd is fully seeded...
[[0;32m  OK  [0m] Started Pollinate to seed the pseudo random number generator.
         Starting OpenBSD Secure Shell server...
[[0;32m  OK  [0m] Started OpenBSD Secure Shell server.
[[0;32m  OK  [0m] Created slice User Slice of vagrant.
         Starting User Manager for UID 1000...
[[0;32m  OK  [0m] Started Session 1 of user vagrant.
[[0;32m  OK  [0m] Started User Manager for UID 1000.
         Starting Time & Date Service...
[[0;32m  OK  [0m] Started Time & Date Service.

Ubuntu 18.04.6 LTS ubuntu-bionic ttyS0

ubuntu-bionic login: [   32.559659] cloud-init[1855]: Cloud-init v. 23.1.2-0ubuntu0~18.04.1 running 'modules:config' at Mon, 01 Jul 2024 07:41:23 +0000. Up 31.66 seconds.
ci-info: no authorized SSH keys fingerprints found for user ubuntu.
<14>Jul  1 07:41:25 cloud-init: #############################################################
<14>Jul  1 07:41:25 cloud-init: -----BEGIN SSH HOST KEY FINGERPRINTS-----
<14>Jul  1 07:41:25 cloud-init: 1024 SHA256:xPVp2aW2ih5wTAKPOzRWi/wpsWSXv+xYVF1wVEied4E root@ubuntu-bionic (DSA)
<14>Jul  1 07:41:25 cloud-init: 256 SHA256:hGAfY/iM367yNaPxs01VPCbm0+aTjKqpIHSIK3scuSc root@ubuntu-bionic (ECDSA)
<14>Jul  1 07:41:25 cloud-init: 256 SHA256:+c3qX9a4aaYkK1YPF5LkT7mFrGce7MzYk8NylNCFOVc root@ubuntu-bionic (ED25519)
<14>Jul  1 07:41:25 cloud-init: 2048 SHA256:ovc0DtBOVSGqAZqKmMwBTWYT2QpfptDTj1iZQq8ZkXY root@ubuntu-bionic (RSA)
<14>Jul  1 07:41:25 cloud-init: -----END SSH HOST KEY FINGERPRINTS-----
<14>Jul  1 07:41:25 cloud-init: #############################################################
-----BEGIN SSH HOST KEY KEYS-----
ecdsa-sha2-nistp256 AAAAE2VjZHNhLXNoYTItbmlzdHAyNTYAAAAIbmlzdHAyNTYAAABBBLddQziaASjtusFGOUB/22YdSiOaXMEAx491n865ooK04zMtAA8sXWXLYpI1lTLtB2pur2sO/ufeeFMckMZBWYs= root@ubuntu-bionic
ssh-ed25519 AAAAC3NzaC1lZDI1NTE5AAAAIJbqhlUkXT7nPOm+kq2lxrnKCA1t/1ssQ54WF8/bRj7o root@ubuntu-bionic
ssh-rsa AAAAB3NzaC1yc2EAAAADAQABAAABAQDlFXZYiMExj4THWP/bS/OBbwkJUTUuhU6MAzOiBlXTchq3TMEOSeyaM7504rezzu1MbrG/nB78Dd6se2JwdO2gRQNUboBf/9n++u0Kvws16tb+StUjUEUD5S6iNdUEEUQ9sHAheDgGdNLOdOSDQ2N3s8emL/9ywbAUAwCtagmHTsst3Ey5me4PgrhRdqhqlxlwHrRJHPtH753lbAHHMLbYyGi7kDLDcrkR/V4jDxvdxHq/AO/ZAcUlQ7Km7i9C2oBz9uWthJTLtbOncdpdQ9OJpVcgdYc8GNiI98FHwTM7Dzm4iEmlGMtcu0SXDNH8D2RQZ3KYXPLGDU8daNAvuPCb root@ubuntu-bionic
-----END SSH HOST KEY KEYS-----
[   33.933797] cloud-init[2047]: Cloud-init v. 23.1.2-0ubuntu0~18.04.1 running 'modules:final' at Mon, 01 Jul 2024 07:41:25 +0000. Up 33.52 seconds.
[   33.933954] cloud-init[2047]: Cloud-init v. 23.1.2-0ubuntu0~18.04.1 finished at Mon, 01 Jul 2024 07:41:25 +0000. Datasource DataSourceNoCloud [seed=/dev/sdb][dsmode=net].  Up 33.92 seconds
